To honour the JVM settings for this build a single-use Daemon process will be forked. For more on this, please refer to https://docs.gradle.org/8.14.3/userguide/gradle_daemon.html#sec:disabling_the_daemon in the Gradle documentation.
Daemon will be stopped at the end of the build 

> Configure project :app
WARNING: Using flatDir should be avoided because it doesn't support any meta-data formats.

> Configure project :capacitor-cordova-android-plugins
WARNING: Using flatDir should be avoided because it doesn't support any meta-data formats.

> Task :app:preBuild UP-TO-DATE
> Task :app:preDebugBuild UP-TO-DATE
> Task :app:mergeDebugNativeDebugMetadata NO-SOURCE
> Task :capacitor-android:preBuild UP-TO-DATE
> Task :capacitor-android:preDebugBuild UP-TO-DATE
> Task :capacitor-app:preBuild UP-TO-DATE
> Task :capacitor-app:preDebugBuild UP-TO-DATE
> Task :capacitor-android:writeDebugAarMetadata
> Task :capacitor-cordova-android-plugins:preBuild UP-TO-DATE
> Task :capacitor-cordova-android-plugins:preDebugBuild UP-TO-DATE
> Task :app:javaPreCompileDebug
> Task :capacitor-app:writeDebugAarMetadata
> Task :capacitor-keyboard:preBuild UP-TO-DATE
> Task :capacitor-keyboard:preDebugBuild UP-TO-DATE
> Task :capacitor-cordova-android-plugins:writeDebugAarMetadata
> Task :capacitor-splash-screen:preBuild UP-TO-DATE
> Task :capacitor-splash-screen:preDebugBuild UP-TO-DATE
> Task :capacitor-keyboard:writeDebugAarMetadata
> Task :capacitor-status-bar:preBuild UP-TO-DATE
> Task :capacitor-status-bar:preDebugBuild UP-TO-DATE
> Task :capacitor-splash-screen:writeDebugAarMetadata
> Task :capacitor-status-bar:writeDebugAarMetadata
> Task :capacitor-android:processDebugNavigationResources
> Task :capacitor-app:processDebugNavigationResources
> Task :app:checkDebugAarMetadata
> Task :capacitor-cordova-android-plugins:processDebugNavigationResources
> Task :capacitor-keyboard:processDebugNavigationResources
> Task :capacitor-splash-screen:processDebugNavigationResources
> Task :capacitor-status-bar:processDebugNavigationResources
> Task :app:processDebugNavigationResources
> Task :app:generateDebugResValues
> Task :app:compileDebugNavigationResources
> Task :capacitor-android:generateDebugResValues
> Task :capacitor-android:generateDebugResources
> Task :capacitor-android:packageDebugResources
> Task :capacitor-app:generateDebugResValues
> Task :capacitor-app:generateDebugResources
> Task :capacitor-app:packageDebugResources
> Task :capacitor-cordova-android-plugins:generateDebugResValues
> Task :capacitor-cordova-android-plugins:generateDebugResources
> Task :capacitor-cordova-android-plugins:packageDebugResources
> Task :capacitor-keyboard:generateDebugResValues
> Task :capacitor-keyboard:generateDebugResources
> Task :capacitor-keyboard:packageDebugResources
> Task :capacitor-splash-screen:generateDebugResValues
> Task :capacitor-splash-screen:generateDebugResources
> Task :capacitor-splash-screen:packageDebugResources
> Task :capacitor-status-bar:generateDebugResValues
> Task :capacitor-status-bar:generateDebugResources
> Task :capacitor-status-bar:packageDebugResources
> Task :app:mapDebugSourceSetPaths
> Task :app:generateDebugResources
> Task :app:packageDebugResources
> Task :app:createDebugCompatibleScreenManifests
> Task :app:extractDeepLinksDebug
> Task :capacitor-android:extractDeepLinksDebug
> Task :capacitor-app:extractDeepLinksDebug
> Task :app:parseDebugLocalResources
> Task :capacitor-cordova-android-plugins:extractDeepLinksDebug
> Task :capacitor-android:processDebugManifest
> Task :capacitor-app:processDebugManifest
> Task :capacitor-keyboard:extractDeepLinksDebug
> Task :capacitor-cordova-android-plugins:processDebugManifest
> Task :app:mergeDebugResources
> Task :capacitor-splash-screen:extractDeepLinksDebug
> Task :capacitor-keyboard:processDebugManifest
> Task :capacitor-status-bar:extractDeepLinksDebug
> Task :capacitor-splash-screen:processDebugManifest
> Task :capacitor-status-bar:processDebugManifest
> Task :capacitor-android:compileDebugLibraryResources
> Task :app:processDebugMainManifest
> Task :app:processDebugManifest
> Task :capacitor-app:compileDebugLibraryResources
> Task :app:processDebugManifestForPackage
> Task :capacitor-android:parseDebugLocalResources
> Task :capacitor-app:parseDebugLocalResources
> Task :capacitor-cordova-android-plugins:compileDebugLibraryResources
> Task :capacitor-app:generateDebugRFile
> Task :capacitor-android:generateDebugRFile
> Task :capacitor-keyboard:compileDebugLibraryResources
> Task :capacitor-cordova-android-plugins:parseDebugLocalResources
> Task :capacitor-keyboard:parseDebugLocalResources
> Task :capacitor-cordova-android-plugins:generateDebugRFile
> Task :capacitor-splash-screen:compileDebugLibraryResources
> Task :capacitor-keyboard:generateDebugRFile
> Task :capacitor-status-bar:compileDebugLibraryResources
> Task :capacitor-splash-screen:parseDebugLocalResources
> Task :capacitor-status-bar:parseDebugLocalResources
> Task :capacitor-splash-screen:generateDebugRFile
> Task :capacitor-android:javaPreCompileDebug
> Task :capacitor-status-bar:generateDebugRFile
> Task :capacitor-app:javaPreCompileDebug
> Task :app:processDebugResources

> Task :capacitor-android:compileDebugJavaWithJavac
Note: Some input files use unchecked or unsafe operations.
Note: Recompile with -Xlint:unchecked for details.

> Task :capacitor-cordova-android-plugins:javaPreCompileDebug
> Task :capacitor-keyboard:javaPreCompileDebug
> Task :capacitor-cordova-android-plugins:compileDebugJavaWithJavac NO-SOURCE
> Task :capacitor-splash-screen:javaPreCompileDebug
> Task :capacitor-cordova-android-plugins:bundleLibCompileToJarDebug
> Task :capacitor-status-bar:javaPreCompileDebug
> Task :capacitor-android:bundleLibCompileToJarDebug
> Task :app:mergeDebugShaders
> Task :capacitor-app:compileDebugJavaWithJavac
> Task :capacitor-app:bundleLibCompileToJarDebug
> Task :capacitor-keyboard:compileDebugJavaWithJavac
> Task :capacitor-keyboard:bundleLibCompileToJarDebug
> Task :capacitor-splash-screen:compileDebugJavaWithJavac
> Task :capacitor-splash-screen:bundleLibCompileToJarDebug
> Task :capacitor-status-bar:compileDebugJavaWithJavac
> Task :app:compileDebugShaders NO-SOURCE
> Task :app:generateDebugAssets UP-TO-DATE
> Task :capacitor-status-bar:bundleLibCompileToJarDebug
> Task :capacitor-android:mergeDebugShaders
> Task :app:compileDebugJavaWithJavac
> Task :capacitor-android:compileDebugShaders NO-SOURCE
> Task :capacitor-android:generateDebugAssets UP-TO-DATE
> Task :capacitor-android:mergeDebugAssets
> Task :capacitor-app:mergeDebugShaders
> Task :capacitor-app:compileDebugShaders NO-SOURCE
> Task :capacitor-app:generateDebugAssets UP-TO-DATE
> Task :capacitor-app:mergeDebugAssets
> Task :capacitor-cordova-android-plugins:mergeDebugShaders
> Task :capacitor-cordova-android-plugins:compileDebugShaders NO-SOURCE
> Task :capacitor-cordova-android-plugins:generateDebugAssets UP-TO-DATE
> Task :capacitor-cordova-android-plugins:mergeDebugAssets
> Task :capacitor-keyboard:mergeDebugShaders
> Task :capacitor-keyboard:compileDebugShaders NO-SOURCE
> Task :capacitor-keyboard:generateDebugAssets UP-TO-DATE
> Task :capacitor-keyboard:mergeDebugAssets
> Task :capacitor-splash-screen:mergeDebugShaders
> Task :capacitor-splash-screen:compileDebugShaders NO-SOURCE
> Task :capacitor-splash-screen:generateDebugAssets UP-TO-DATE
> Task :capacitor-splash-screen:mergeDebugAssets
> Task :capacitor-status-bar:mergeDebugShaders
> Task :capacitor-status-bar:compileDebugShaders NO-SOURCE
> Task :capacitor-status-bar:generateDebugAssets UP-TO-DATE
> Task :capacitor-status-bar:mergeDebugAssets
> Task :app:mergeDebugAssets
> Task :app:compressDebugAssets
> Task :capacitor-app:bundleLibRuntimeToJarDebug
> Task :capacitor-keyboard:bundleLibRuntimeToJarDebug
> Task :capacitor-splash-screen:bundleLibRuntimeToJarDebug
> Task :capacitor-status-bar:bundleLibRuntimeToJarDebug
> Task :capacitor-cordova-android-plugins:bundleLibRuntimeToJarDebug
> Task :app:desugarDebugFileDependencies
> Task :capacitor-android:bundleLibRuntimeToJarDebug
> Task :app:dexBuilderDebug
> Task :app:processDebugJavaRes NO-SOURCE
> Task :capacitor-android:processDebugJavaRes NO-SOURCE
> Task :capacitor-app:processDebugJavaRes NO-SOURCE
> Task :capacitor-cordova-android-plugins:processDebugJavaRes NO-SOURCE
> Task :capacitor-keyboard:processDebugJavaRes NO-SOURCE
> Task :capacitor-splash-screen:processDebugJavaRes NO-SOURCE
> Task :capacitor-status-bar:processDebugJavaRes NO-SOURCE
> Task :capacitor-app:bundleLibRuntimeToDirDebug
> Task :capacitor-keyboard:bundleLibRuntimeToDirDebug
> Task :app:checkDebugDuplicateClasses
> Task :capacitor-splash-screen:bundleLibRuntimeToDirDebug
> Task :capacitor-status-bar:bundleLibRuntimeToDirDebug
> Task :capacitor-cordova-android-plugins:bundleLibRuntimeToDirDebug
> Task :app:mergeDebugJniLibFolders
> Task :capacitor-android:mergeDebugJniLibFolders
> Task :capacitor-android:mergeDebugNativeLibs NO-SOURCE
> Task :capacitor-app:mergeDebugJniLibFolders
> Task :capacitor-app:mergeDebugNativeLibs NO-SOURCE
> Task :capacitor-android:copyDebugJniLibsProjectOnly
> Task :capacitor-app:copyDebugJniLibsProjectOnly
> Task :capacitor-cordova-android-plugins:mergeDebugJniLibFolders
> Task :capacitor-cordova-android-plugins:mergeDebugNativeLibs NO-SOURCE
> Task :capacitor-cordova-android-plugins:copyDebugJniLibsProjectOnly
> Task :capacitor-keyboard:mergeDebugJniLibFolders
> Task :capacitor-keyboard:mergeDebugNativeLibs NO-SOURCE
> Task :capacitor-keyboard:copyDebugJniLibsProjectOnly
> Task :capacitor-splash-screen:mergeDebugJniLibFolders
> Task :app:mergeProjectDexDebug
> Task :capacitor-splash-screen:mergeDebugNativeLibs NO-SOURCE
> Task :capacitor-splash-screen:copyDebugJniLibsProjectOnly
> Task :capacitor-status-bar:mergeDebugJniLibFolders
> Task :capacitor-status-bar:mergeDebugNativeLibs NO-SOURCE
> Task :capacitor-status-bar:copyDebugJniLibsProjectOnly
> Task :app:validateSigningDebug
> Task :app:mergeDebugNativeLibs NO-SOURCE
> Task :app:stripDebugDebugSymbols NO-SOURCE
> Task :app:writeDebugAppMetadata
> Task :app:writeDebugSigningConfigVersions
> Task :capacitor-android:bundleLibRuntimeToDirDebug
> Task :app:mergeDebugGlobalSynthetics
> Task :app:mergeDebugJavaResource
> Task :app:mergeLibDexDebug
> Task :app:mergeExtDexDebug
> Task :app:packageDebug
> Task :app:createDebugApkListingFileRedirect
> Task :app:assembleDebug

[Incubating] Problems report is available at: file:///C:/Users/USER/Downloads/ChamaOne/android/build/reports/problems/problems-report.html

BUILD SUCCESSFUL in 1m 59s
147 actionable tasks: 147 executed
