To honour the JVM settings for this build a single-use Daemon process will be forked. For more on this, please refer to https://docs.gradle.org/8.14.3/userguide/gradle_daemon.html#sec:disabling_the_daemon in the Gradle documentation.
Daemon will be stopped at the end of the build 

> Configure project :app
WARNING: Using flatDir should be avoided because it doesn't support any meta-data formats.

> Configure project :capacitor-cordova-android-plugins
WARNING: Using flatDir should be avoided because it doesn't support any meta-data formats.

> Task :app:preBuild UP-TO-DATE
> Task :app:preReleaseBuild UP-TO-DATE
> Task :app:mergeReleaseJniLibFolders UP-TO-DATE
> Task :capacitor-android:preBuild UP-TO-DATE
> Task :capacitor-android:preReleaseBuild UP-TO-DATE
> Task :capacitor-android:mergeReleaseJniLibFolders UP-TO-DATE
> Task :capacitor-android:mergeReleaseNativeLibs NO-SOURCE
> Task :capacitor-android:copyReleaseJniLibsProjectOnly UP-TO-DATE
> Task :capacitor-app:preBuild UP-TO-DATE
> Task :capacitor-app:preReleaseBuild UP-TO-DATE
> Task :capacitor-app:mergeReleaseJniLibFolders UP-TO-DATE
> Task :capacitor-app:mergeReleaseNativeLibs NO-SOURCE
> Task :capacitor-app:copyReleaseJniLibsProjectOnly UP-TO-DATE
> Task :capacitor-cordova-android-plugins:preBuild UP-TO-DATE
> Task :capacitor-cordova-android-plugins:preReleaseBuild UP-TO-DATE
> Task :capacitor-cordova-android-plugins:mergeReleaseJniLibFolders
> Task :capacitor-cordova-android-plugins:mergeReleaseNativeLibs NO-SOURCE
> Task :capacitor-keyboard:preBuild UP-TO-DATE
> Task :capacitor-keyboard:preReleaseBuild UP-TO-DATE
> Task :capacitor-cordova-android-plugins:copyReleaseJniLibsProjectOnly
> Task :capacitor-keyboard:mergeReleaseJniLibFolders UP-TO-DATE
> Task :capacitor-keyboard:mergeReleaseNativeLibs NO-SOURCE
> Task :capacitor-keyboard:copyReleaseJniLibsProjectOnly UP-TO-DATE
> Task :capacitor-local-notifications:preBuild UP-TO-DATE
> Task :capacitor-local-notifications:preReleaseBuild UP-TO-DATE
> Task :capacitor-local-notifications:mergeReleaseJniLibFolders UP-TO-DATE
> Task :capacitor-local-notifications:mergeReleaseNativeLibs NO-SOURCE
> Task :capacitor-local-notifications:copyReleaseJniLibsProjectOnly UP-TO-DATE
> Task :capacitor-splash-screen:preBuild UP-TO-DATE
> Task :capacitor-splash-screen:preReleaseBuild UP-TO-DATE
> Task :capacitor-splash-screen:mergeReleaseJniLibFolders UP-TO-DATE
> Task :capacitor-splash-screen:mergeReleaseNativeLibs NO-SOURCE
> Task :capacitor-splash-screen:copyReleaseJniLibsProjectOnly UP-TO-DATE
> Task :capacitor-status-bar:preBuild UP-TO-DATE
> Task :capacitor-status-bar:preReleaseBuild UP-TO-DATE
> Task :capacitor-status-bar:mergeReleaseJniLibFolders UP-TO-DATE
> Task :capacitor-status-bar:mergeReleaseNativeLibs NO-SOURCE
> Task :capacitor-status-bar:copyReleaseJniLibsProjectOnly UP-TO-DATE
> Task :app:mergeReleaseNativeLibs NO-SOURCE
> Task :app:stripReleaseDebugSymbols NO-SOURCE
> Task :app:extractReleaseNativeSymbolTables NO-SOURCE
> Task :app:mergeReleaseNativeDebugMetadata NO-SOURCE
> Task :capacitor-android:generateReleaseResValues UP-TO-DATE
> Task :capacitor-android:generateReleaseResources UP-TO-DATE
> Task :capacitor-android:packageReleaseResources UP-TO-DATE
> Task :capacitor-android:processReleaseNavigationResources UP-TO-DATE
> Task :capacitor-android:parseReleaseLocalResources UP-TO-DATE
> Task :capacitor-android:generateReleaseRFile UP-TO-DATE
> Task :capacitor-android:javaPreCompileRelease UP-TO-DATE
> Task :capacitor-android:compileReleaseJavaWithJavac UP-TO-DATE
> Task :capacitor-android:bundleLibCompileToJarRelease UP-TO-DATE
> Task :capacitor-app:generateReleaseResValues UP-TO-DATE
> Task :capacitor-app:generateReleaseResources UP-TO-DATE
> Task :capacitor-app:packageReleaseResources UP-TO-DATE
> Task :capacitor-app:processReleaseNavigationResources UP-TO-DATE
> Task :capacitor-app:parseReleaseLocalResources UP-TO-DATE
> Task :capacitor-app:generateReleaseRFile UP-TO-DATE
> Task :capacitor-app:javaPreCompileRelease UP-TO-DATE
> Task :capacitor-app:compileReleaseJavaWithJavac UP-TO-DATE
> Task :capacitor-app:bundleLibRuntimeToDirRelease UP-TO-DATE
> Task :capacitor-keyboard:generateReleaseResValues UP-TO-DATE
> Task :capacitor-keyboard:generateReleaseResources UP-TO-DATE
> Task :capacitor-keyboard:packageReleaseResources UP-TO-DATE
> Task :capacitor-keyboard:processReleaseNavigationResources UP-TO-DATE
> Task :capacitor-keyboard:parseReleaseLocalResources UP-TO-DATE
> Task :capacitor-keyboard:generateReleaseRFile UP-TO-DATE
> Task :capacitor-keyboard:javaPreCompileRelease UP-TO-DATE
> Task :capacitor-keyboard:compileReleaseJavaWithJavac UP-TO-DATE
> Task :capacitor-keyboard:bundleLibRuntimeToDirRelease UP-TO-DATE
> Task :capacitor-local-notifications:checkKotlinGradlePluginConfigurationErrors SKIPPED
> Task :capacitor-local-notifications:generateReleaseResValues UP-TO-DATE
> Task :capacitor-local-notifications:generateReleaseResources UP-TO-DATE
> Task :capacitor-local-notifications:packageReleaseResources UP-TO-DATE
> Task :capacitor-local-notifications:processReleaseNavigationResources UP-TO-DATE
> Task :capacitor-local-notifications:parseReleaseLocalResources UP-TO-DATE
> Task :capacitor-local-notifications:generateReleaseRFile UP-TO-DATE
> Task :capacitor-local-notifications:compileReleaseKotlin UP-TO-DATE
> Task :capacitor-local-notifications:javaPreCompileRelease UP-TO-DATE
> Task :capacitor-local-notifications:compileReleaseJavaWithJavac NO-SOURCE
> Task :capacitor-local-notifications:bundleLibRuntimeToDirRelease UP-TO-DATE
> Task :capacitor-splash-screen:generateReleaseResValues UP-TO-DATE
> Task :capacitor-splash-screen:generateReleaseResources UP-TO-DATE
> Task :capacitor-splash-screen:packageReleaseResources UP-TO-DATE
> Task :capacitor-splash-screen:processReleaseNavigationResources UP-TO-DATE
> Task :capacitor-splash-screen:parseReleaseLocalResources UP-TO-DATE
> Task :capacitor-splash-screen:generateReleaseRFile UP-TO-DATE
> Task :capacitor-splash-screen:javaPreCompileRelease UP-TO-DATE
> Task :capacitor-splash-screen:compileReleaseJavaWithJavac UP-TO-DATE
> Task :capacitor-splash-screen:bundleLibRuntimeToDirRelease UP-TO-DATE
> Task :capacitor-status-bar:generateReleaseResValues UP-TO-DATE
> Task :capacitor-status-bar:generateReleaseResources UP-TO-DATE
> Task :capacitor-status-bar:packageReleaseResources UP-TO-DATE
> Task :capacitor-status-bar:processReleaseNavigationResources UP-TO-DATE
> Task :capacitor-status-bar:parseReleaseLocalResources UP-TO-DATE
> Task :capacitor-status-bar:generateReleaseRFile UP-TO-DATE
> Task :capacitor-status-bar:javaPreCompileRelease UP-TO-DATE
> Task :capacitor-status-bar:compileReleaseJavaWithJavac UP-TO-DATE
> Task :capacitor-status-bar:bundleLibRuntimeToDirRelease UP-TO-DATE
> Task :capacitor-android:bundleLibRuntimeToDirRelease UP-TO-DATE
> Task :capacitor-cordova-android-plugins:generateReleaseResValues
> Task :capacitor-cordova-android-plugins:generateReleaseResources
> Task :capacitor-cordova-android-plugins:packageReleaseResources
> Task :capacitor-cordova-android-plugins:processReleaseNavigationResources
> Task :capacitor-cordova-android-plugins:javaPreCompileRelease
> Task :app:checkReleaseDuplicateClasses UP-TO-DATE
> Task :app:javaPreCompileRelease UP-TO-DATE
> Task :capacitor-android:writeReleaseAarMetadata UP-TO-DATE
> Task :capacitor-app:writeReleaseAarMetadata UP-TO-DATE
> Task :capacitor-keyboard:writeReleaseAarMetadata UP-TO-DATE
> Task :capacitor-local-notifications:writeReleaseAarMetadata UP-TO-DATE
> Task :capacitor-splash-screen:writeReleaseAarMetadata UP-TO-DATE
> Task :capacitor-cordova-android-plugins:writeReleaseAarMetadata
> Task :capacitor-status-bar:writeReleaseAarMetadata UP-TO-DATE
> Task :capacitor-cordova-android-plugins:parseReleaseLocalResources
> Task :app:checkReleaseAarMetadata UP-TO-DATE
> Task :app:processReleaseNavigationResources UP-TO-DATE
> Task :app:compileReleaseNavigationResources UP-TO-DATE
> Task :app:generateReleaseResValues UP-TO-DATE
> Task :capacitor-cordova-android-plugins:generateReleaseRFile
> Task :app:mapReleaseSourceSetPaths UP-TO-DATE
> Task :capacitor-cordova-android-plugins:compileReleaseJavaWithJavac NO-SOURCE
> Task :app:generateReleaseResources UP-TO-DATE
> Task :capacitor-cordova-android-plugins:bundleLibRuntimeToDirRelease
> Task :app:mergeReleaseResources UP-TO-DATE
> Task :app:packageReleaseResources UP-TO-DATE
> Task :app:parseReleaseLocalResources UP-TO-DATE
> Task :app:createReleaseCompatibleScreenManifests UP-TO-DATE
> Task :app:extractDeepLinksRelease UP-TO-DATE
> Task :capacitor-android:extractDeepLinksRelease UP-TO-DATE
> Task :capacitor-android:processReleaseManifest UP-TO-DATE
> Task :capacitor-app:extractDeepLinksRelease UP-TO-DATE
> Task :capacitor-app:processReleaseManifest UP-TO-DATE
> Task :capacitor-cordova-android-plugins:extractDeepLinksRelease
> Task :capacitor-keyboard:extractDeepLinksRelease UP-TO-DATE
> Task :capacitor-keyboard:processReleaseManifest UP-TO-DATE
> Task :capacitor-local-notifications:extractDeepLinksRelease UP-TO-DATE
> Task :capacitor-local-notifications:processReleaseManifest UP-TO-DATE
> Task :capacitor-splash-screen:extractDeepLinksRelease UP-TO-DATE
> Task :capacitor-splash-screen:processReleaseManifest UP-TO-DATE
> Task :capacitor-status-bar:extractDeepLinksRelease UP-TO-DATE
> Task :capacitor-status-bar:processReleaseManifest UP-TO-DATE
> Task :capacitor-android:compileReleaseLibraryResources UP-TO-DATE
> Task :capacitor-app:compileReleaseLibraryResources UP-TO-DATE
> Task :capacitor-keyboard:compileReleaseLibraryResources UP-TO-DATE
> Task :capacitor-cordova-android-plugins:compileReleaseLibraryResources
> Task :capacitor-local-notifications:compileReleaseLibraryResources UP-TO-DATE
> Task :capacitor-splash-screen:compileReleaseLibraryResources UP-TO-DATE
> Task :capacitor-status-bar:compileReleaseLibraryResources UP-TO-DATE
> Task :capacitor-app:bundleLibCompileToJarRelease UP-TO-DATE
> Task :capacitor-keyboard:bundleLibCompileToJarRelease UP-TO-DATE
> Task :capacitor-local-notifications:bundleLibCompileToJarRelease UP-TO-DATE
> Task :capacitor-splash-screen:bundleLibCompileToJarRelease UP-TO-DATE
> Task :capacitor-cordova-android-plugins:bundleLibCompileToJarRelease
> Task :capacitor-status-bar:bundleLibCompileToJarRelease UP-TO-DATE
> Task :app:desugarReleaseFileDependencies UP-TO-DATE
> Task :capacitor-cordova-android-plugins:processReleaseManifest
> Task :app:mergeReleaseStartupProfile UP-TO-DATE
> Task :app:processReleaseMainManifest UP-TO-DATE
> Task :app:processReleaseManifest UP-TO-DATE
> Task :app:processReleaseManifestForPackage UP-TO-DATE
> Task :app:processReleaseResources UP-TO-DATE
> Task :app:compileReleaseJavaWithJavac UP-TO-DATE
> Task :app:dexBuilderRelease UP-TO-DATE
> Task :app:mergeExtDexRelease UP-TO-DATE
> Task :app:mergeDexRelease UP-TO-DATE
> Task :capacitor-android:prepareReleaseArtProfile UP-TO-DATE
> Task :capacitor-app:prepareReleaseArtProfile UP-TO-DATE
> Task :capacitor-cordova-android-plugins:prepareReleaseArtProfile UP-TO-DATE
> Task :capacitor-keyboard:prepareReleaseArtProfile UP-TO-DATE
> Task :capacitor-local-notifications:prepareReleaseArtProfile UP-TO-DATE
> Task :capacitor-splash-screen:prepareReleaseArtProfile UP-TO-DATE
> Task :capacitor-status-bar:prepareReleaseArtProfile UP-TO-DATE
> Task :app:mergeReleaseArtProfile UP-TO-DATE
> Task :capacitor-app:bundleLibRuntimeToJarRelease UP-TO-DATE
> Task :capacitor-keyboard:bundleLibRuntimeToJarRelease UP-TO-DATE
> Task :capacitor-local-notifications:bundleLibRuntimeToJarRelease UP-TO-DATE
> Task :capacitor-splash-screen:bundleLibRuntimeToJarRelease UP-TO-DATE
> Task :capacitor-status-bar:bundleLibRuntimeToJarRelease UP-TO-DATE
> Task :capacitor-android:bundleLibRuntimeToJarRelease UP-TO-DATE
> Task :capacitor-cordova-android-plugins:bundleLibRuntimeToJarRelease
> Task :app:mergeReleaseShaders UP-TO-DATE
> Task :app:compileReleaseShaders NO-SOURCE
> Task :app:generateReleaseAssets UP-TO-DATE
> Task :capacitor-android:mergeReleaseShaders UP-TO-DATE
> Task :capacitor-android:compileReleaseShaders NO-SOURCE
> Task :capacitor-android:generateReleaseAssets UP-TO-DATE
> Task :capacitor-android:mergeReleaseAssets UP-TO-DATE
> Task :capacitor-app:mergeReleaseShaders UP-TO-DATE
> Task :capacitor-app:compileReleaseShaders NO-SOURCE
> Task :capacitor-app:generateReleaseAssets UP-TO-DATE
> Task :capacitor-app:mergeReleaseAssets UP-TO-DATE
> Task :app:mergeReleaseGlobalSynthetics UP-TO-DATE
> Task :app:compileReleaseArtProfile UP-TO-DATE
> Task :capacitor-cordova-android-plugins:mergeReleaseShaders
> Task :capacitor-cordova-android-plugins:compileReleaseShaders NO-SOURCE
> Task :capacitor-cordova-android-plugins:generateReleaseAssets UP-TO-DATE
> Task :capacitor-cordova-android-plugins:mergeReleaseAssets
> Task :capacitor-keyboard:mergeReleaseShaders UP-TO-DATE
> Task :capacitor-keyboard:compileReleaseShaders NO-SOURCE
> Task :capacitor-keyboard:generateReleaseAssets UP-TO-DATE
> Task :capacitor-keyboard:mergeReleaseAssets UP-TO-DATE
> Task :capacitor-local-notifications:mergeReleaseShaders UP-TO-DATE
> Task :capacitor-local-notifications:compileReleaseShaders NO-SOURCE
> Task :capacitor-local-notifications:generateReleaseAssets UP-TO-DATE
> Task :capacitor-local-notifications:mergeReleaseAssets UP-TO-DATE
> Task :capacitor-splash-screen:mergeReleaseShaders UP-TO-DATE
> Task :capacitor-splash-screen:compileReleaseShaders NO-SOURCE
> Task :capacitor-splash-screen:generateReleaseAssets UP-TO-DATE
> Task :capacitor-splash-screen:mergeReleaseAssets UP-TO-DATE
> Task :capacitor-status-bar:mergeReleaseShaders UP-TO-DATE
> Task :capacitor-status-bar:compileReleaseShaders NO-SOURCE
> Task :capacitor-status-bar:generateReleaseAssets UP-TO-DATE
> Task :capacitor-status-bar:mergeReleaseAssets UP-TO-DATE
> Task :app:mergeReleaseAssets
> Task :app:extractReleaseVersionControlInfo UP-TO-DATE
> Task :app:extractProguardFiles UP-TO-DATE
> Task :capacitor-android:processReleaseJavaRes NO-SOURCE
> Task :capacitor-android:createFullJarRelease UP-TO-DATE
> Task :capacitor-android:extractProguardFiles UP-TO-DATE
> Task :app:compressReleaseAssets
> Task :capacitor-android:generateReleaseLintModel UP-TO-DATE
> Task :capacitor-android:prepareLintJarForPublish UP-TO-DATE
> Task :capacitor-app:processReleaseJavaRes NO-SOURCE
> Task :capacitor-app:createFullJarRelease UP-TO-DATE
> Task :capacitor-app:extractProguardFiles UP-TO-DATE
> Task :capacitor-app:generateReleaseLintModel UP-TO-DATE
> Task :capacitor-app:prepareLintJarForPublish UP-TO-DATE
> Task :capacitor-cordova-android-plugins:processReleaseJavaRes NO-SOURCE
> Task :capacitor-cordova-android-plugins:createFullJarRelease
> Task :capacitor-cordova-android-plugins:extractProguardFiles
> Task :capacitor-cordova-android-plugins:generateReleaseLintModel
> Task :capacitor-cordova-android-plugins:prepareLintJarForPublish UP-TO-DATE
> Task :capacitor-keyboard:processReleaseJavaRes NO-SOURCE
> Task :capacitor-keyboard:createFullJarRelease UP-TO-DATE
> Task :capacitor-keyboard:extractProguardFiles UP-TO-DATE
> Task :capacitor-keyboard:generateReleaseLintModel UP-TO-DATE
> Task :capacitor-keyboard:prepareLintJarForPublish UP-TO-DATE
> Task :capacitor-local-notifications:processReleaseJavaRes UP-TO-DATE
> Task :capacitor-local-notifications:createFullJarRelease UP-TO-DATE
> Task :capacitor-local-notifications:extractProguardFiles UP-TO-DATE
> Task :capacitor-local-notifications:generateReleaseLintModel UP-TO-DATE
> Task :capacitor-local-notifications:prepareLintJarForPublish UP-TO-DATE
> Task :capacitor-splash-screen:processReleaseJavaRes NO-SOURCE
> Task :capacitor-splash-screen:createFullJarRelease UP-TO-DATE
> Task :capacitor-splash-screen:extractProguardFiles UP-TO-DATE
> Task :capacitor-splash-screen:generateReleaseLintModel UP-TO-DATE
> Task :capacitor-splash-screen:prepareLintJarForPublish UP-TO-DATE
> Task :capacitor-status-bar:processReleaseJavaRes NO-SOURCE
> Task :capacitor-status-bar:createFullJarRelease UP-TO-DATE
> Task :capacitor-status-bar:extractProguardFiles UP-TO-DATE
> Task :capacitor-status-bar:generateReleaseLintModel UP-TO-DATE
> Task :capacitor-status-bar:prepareLintJarForPublish UP-TO-DATE
> Task :app:generateReleaseLintVitalReportModel
> Task :capacitor-app:checkReleaseAarMetadata UP-TO-DATE
> Task :capacitor-app:stripReleaseDebugSymbols NO-SOURCE
> Task :capacitor-app:copyReleaseJniLibsProjectAndLocalJars UP-TO-DATE
> Task :capacitor-app:extractDeepLinksForAarRelease UP-TO-DATE
> Task :capacitor-app:extractReleaseAnnotations UP-TO-DATE
> Task :capacitor-app:mergeReleaseGeneratedProguardFiles UP-TO-DATE
> Task :capacitor-app:mergeReleaseConsumerProguardFiles UP-TO-DATE
> Task :capacitor-app:mergeReleaseJavaResource UP-TO-DATE
> Task :capacitor-app:syncReleaseLibJars UP-TO-DATE
> Task :capacitor-app:bundleReleaseLocalLintAar UP-TO-DATE
> Task :capacitor-keyboard:checkReleaseAarMetadata UP-TO-DATE
> Task :capacitor-keyboard:stripReleaseDebugSymbols NO-SOURCE
> Task :capacitor-keyboard:copyReleaseJniLibsProjectAndLocalJars UP-TO-DATE
> Task :capacitor-keyboard:extractDeepLinksForAarRelease UP-TO-DATE
> Task :capacitor-keyboard:extractReleaseAnnotations UP-TO-DATE
> Task :capacitor-keyboard:mergeReleaseGeneratedProguardFiles UP-TO-DATE
> Task :capacitor-keyboard:mergeReleaseConsumerProguardFiles UP-TO-DATE
> Task :capacitor-keyboard:mergeReleaseJavaResource UP-TO-DATE
> Task :capacitor-keyboard:syncReleaseLibJars UP-TO-DATE
> Task :capacitor-keyboard:bundleReleaseLocalLintAar UP-TO-DATE
> Task :capacitor-local-notifications:checkReleaseAarMetadata UP-TO-DATE
> Task :capacitor-local-notifications:stripReleaseDebugSymbols NO-SOURCE
> Task :capacitor-local-notifications:copyReleaseJniLibsProjectAndLocalJars UP-TO-DATE
> Task :capacitor-local-notifications:extractDeepLinksForAarRelease UP-TO-DATE
> Task :capacitor-local-notifications:extractReleaseAnnotations UP-TO-DATE
> Task :capacitor-local-notifications:mergeReleaseGeneratedProguardFiles UP-TO-DATE
> Task :capacitor-local-notifications:mergeReleaseConsumerProguardFiles UP-TO-DATE
> Task :capacitor-local-notifications:mergeReleaseJavaResource UP-TO-DATE
> Task :capacitor-local-notifications:syncReleaseLibJars UP-TO-DATE
> Task :capacitor-local-notifications:bundleReleaseLocalLintAar UP-TO-DATE
> Task :capacitor-splash-screen:checkReleaseAarMetadata UP-TO-DATE
> Task :capacitor-splash-screen:stripReleaseDebugSymbols NO-SOURCE
> Task :capacitor-splash-screen:copyReleaseJniLibsProjectAndLocalJars UP-TO-DATE
> Task :capacitor-splash-screen:extractDeepLinksForAarRelease UP-TO-DATE
> Task :capacitor-splash-screen:extractReleaseAnnotations UP-TO-DATE
> Task :capacitor-splash-screen:mergeReleaseGeneratedProguardFiles UP-TO-DATE
> Task :capacitor-splash-screen:mergeReleaseConsumerProguardFiles UP-TO-DATE
> Task :capacitor-splash-screen:mergeReleaseJavaResource UP-TO-DATE
> Task :capacitor-splash-screen:syncReleaseLibJars UP-TO-DATE
> Task :capacitor-splash-screen:bundleReleaseLocalLintAar UP-TO-DATE
> Task :capacitor-status-bar:checkReleaseAarMetadata UP-TO-DATE
> Task :capacitor-status-bar:stripReleaseDebugSymbols NO-SOURCE
> Task :capacitor-status-bar:copyReleaseJniLibsProjectAndLocalJars UP-TO-DATE
> Task :capacitor-status-bar:extractDeepLinksForAarRelease UP-TO-DATE
> Task :capacitor-status-bar:extractReleaseAnnotations UP-TO-DATE
> Task :capacitor-status-bar:mergeReleaseGeneratedProguardFiles UP-TO-DATE
> Task :capacitor-status-bar:mergeReleaseConsumerProguardFiles UP-TO-DATE
> Task :capacitor-status-bar:mergeReleaseJavaResource UP-TO-DATE
> Task :capacitor-status-bar:syncReleaseLibJars UP-TO-DATE
> Task :capacitor-status-bar:bundleReleaseLocalLintAar UP-TO-DATE
> Task :capacitor-android:checkReleaseAarMetadata UP-TO-DATE
> Task :capacitor-android:stripReleaseDebugSymbols NO-SOURCE
> Task :capacitor-android:copyReleaseJniLibsProjectAndLocalJars UP-TO-DATE
> Task :capacitor-android:extractDeepLinksForAarRelease UP-TO-DATE
> Task :capacitor-android:extractReleaseAnnotations UP-TO-DATE
> Task :capacitor-android:mergeReleaseGeneratedProguardFiles UP-TO-DATE
> Task :capacitor-android:mergeReleaseConsumerProguardFiles UP-TO-DATE
> Task :capacitor-android:mergeReleaseJavaResource UP-TO-DATE
> Task :capacitor-android:syncReleaseLibJars UP-TO-DATE
> Task :capacitor-android:bundleReleaseLocalLintAar UP-TO-DATE
> Task :capacitor-cordova-android-plugins:stripReleaseDebugSymbols NO-SOURCE
> Task :capacitor-cordova-android-plugins:copyReleaseJniLibsProjectAndLocalJars
> Task :capacitor-cordova-android-plugins:extractDeepLinksForAarRelease UP-TO-DATE
> Task :capacitor-cordova-android-plugins:checkReleaseAarMetadata
> Task :capacitor-cordova-android-plugins:extractReleaseAnnotations
> Task :capacitor-cordova-android-plugins:mergeReleaseGeneratedProguardFiles UP-TO-DATE
> Task :capacitor-cordova-android-plugins:mergeReleaseConsumerProguardFiles UP-TO-DATE
> Task :capacitor-android:lintVitalAnalyzeRelease UP-TO-DATE
> Task :capacitor-android:writeReleaseLintModelMetadata UP-TO-DATE
> Task :capacitor-app:lintVitalAnalyzeRelease UP-TO-DATE
> Task :capacitor-app:writeReleaseLintModelMetadata UP-TO-DATE
> Task :capacitor-cordova-android-plugins:mergeReleaseJavaResource
> Task :capacitor-cordova-android-plugins:syncReleaseLibJars
> Task :capacitor-cordova-android-plugins:bundleReleaseLocalLintAar
> Task :capacitor-cordova-android-plugins:writeReleaseLintModelMetadata
> Task :capacitor-keyboard:lintVitalAnalyzeRelease UP-TO-DATE
> Task :capacitor-keyboard:writeReleaseLintModelMetadata UP-TO-DATE
> Task :capacitor-local-notifications:lintVitalAnalyzeRelease UP-TO-DATE
> Task :capacitor-local-notifications:writeReleaseLintModelMetadata UP-TO-DATE
> Task :capacitor-splash-screen:lintVitalAnalyzeRelease UP-TO-DATE
> Task :capacitor-splash-screen:writeReleaseLintModelMetadata UP-TO-DATE
> Task :capacitor-status-bar:lintVitalAnalyzeRelease UP-TO-DATE
> Task :capacitor-status-bar:writeReleaseLintModelMetadata UP-TO-DATE
> Task :capacitor-android:generateReleaseLintVitalModel UP-TO-DATE
> Task :capacitor-app:generateReleaseLintVitalModel UP-TO-DATE
> Task :capacitor-cordova-android-plugins:generateReleaseLintVitalModel
> Task :capacitor-keyboard:generateReleaseLintVitalModel UP-TO-DATE
> Task :capacitor-local-notifications:generateReleaseLintVitalModel UP-TO-DATE
> Task :capacitor-splash-screen:generateReleaseLintVitalModel UP-TO-DATE
> Task :capacitor-status-bar:generateReleaseLintVitalModel UP-TO-DATE
> Task :app:processReleaseJavaRes NO-SOURCE
> Task :app:mergeReleaseJavaResource UP-TO-DATE
> Task :app:optimizeReleaseResources UP-TO-DATE
> Task :app:collectReleaseDependencies UP-TO-DATE
> Task :app:sdkReleaseDependencyData UP-TO-DATE
> Task :app:validateSigningRelease UP-TO-DATE
> Task :app:writeReleaseAppMetadata UP-TO-DATE
> Task :app:writeReleaseSigningConfigVersions UP-TO-DATE
> Task :app:processApplicationManifestReleaseForBundle UP-TO-DATE
> Task :app:bundleReleaseResources UP-TO-DATE
> Task :app:buildReleasePreBundle
> Task :app:configureReleaseDependencies UP-TO-DATE
> Task :app:parseReleaseIntegrityConfig UP-TO-DATE
> Task :capacitor-cordova-android-plugins:lintVitalAnalyzeRelease
> Task :app:lintVitalAnalyzeRelease
> Task :app:lintVitalReportRelease UP-TO-DATE
> Task :app:lintVitalRelease
> Task :app:packageRelease
> Task :app:createReleaseApkListingFileRedirect UP-TO-DATE
> Task :app:assembleRelease
> Task :app:packageReleaseBundle
> Task :app:signReleaseBundle
> Task :app:produceReleaseBundleIdeListingFile
> Task :app:createReleaseBundleListingFileRedirect UP-TO-DATE
> Task :app:bundleRelease

[Incubating] Problems report is available at: file:///C:/Users/USER/Downloads/ChamaOne/android/build/reports/problems/problems-report.html

Deprecated Gradle features were used in this build, making it incompatible with Gradle 9.0.

You can use '--warning-mode all' to show the individual deprecation warnings and determine if they come from your own scripts or plugins.

For more on this, please refer to https://docs.gradle.org/8.14.3/userguide/command_line_interface.html#sec:command_line_warnings in the Gradle documentation.

BUILD SUCCESSFUL in 2m 25s
306 actionable tasks: 40 executed, 266 up-to-date
