To honour the JVM settings for this build a single-use Daemon process will be forked. For more on this, please refer to https://docs.gradle.org/8.14.3/userguide/gradle_daemon.html#sec:disabling_the_daemon in the Gradle documentation.
Daemon will be stopped at the end of the build 

> Configure project :app
WARNING: Using flatDir should be avoided because it doesn't support any meta-data formats.

> Configure project :capacitor-cordova-android-plugins
WARNING: Using flatDir should be avoided because it doesn't support any meta-data formats.

> Task :app:preBuild UP-TO-DATE
> Task :app:preReleaseBuild UP-TO-DATE
> Task :app:mergeReleaseJniLibFolders
> Task :capacitor-android:preBuild UP-TO-DATE
> Task :capacitor-android:preReleaseBuild UP-TO-DATE
> Task :capacitor-android:mergeReleaseJniLibFolders
> Task :capacitor-android:mergeReleaseNativeLibs NO-SOURCE
> Task :capacitor-app:preBuild UP-TO-DATE
> Task :capacitor-app:preReleaseBuild UP-TO-DATE
> Task :capacitor-android:copyReleaseJniLibsProjectOnly
> Task :capacitor-app:mergeReleaseJniLibFolders
> Task :capacitor-app:mergeReleaseNativeLibs NO-SOURCE
> Task :capacitor-cordova-android-plugins:preBuild UP-TO-DATE
> Task :capacitor-app:copyReleaseJniLibsProjectOnly
> Task :capacitor-cordova-android-plugins:preReleaseBuild UP-TO-DATE
> Task :capacitor-cordova-android-plugins:mergeReleaseJniLibFolders
> Task :capacitor-cordova-android-plugins:mergeReleaseNativeLibs NO-SOURCE
> Task :capacitor-keyboard:preBuild UP-TO-DATE
> Task :capacitor-cordova-android-plugins:copyReleaseJniLibsProjectOnly
> Task :capacitor-keyboard:preReleaseBuild UP-TO-DATE
> Task :capacitor-keyboard:mergeReleaseJniLibFolders
> Task :capacitor-keyboard:mergeReleaseNativeLibs NO-SOURCE
> Task :capacitor-local-notifications:preBuild UP-TO-DATE
> Task :capacitor-local-notifications:preReleaseBuild UP-TO-DATE
> Task :capacitor-keyboard:copyReleaseJniLibsProjectOnly
> Task :capacitor-local-notifications:mergeReleaseJniLibFolders
> Task :capacitor-local-notifications:mergeReleaseNativeLibs NO-SOURCE
> Task :capacitor-splash-screen:preBuild UP-TO-DATE
> Task :capacitor-splash-screen:preReleaseBuild UP-TO-DATE
> Task :capacitor-local-notifications:copyReleaseJniLibsProjectOnly
> Task :capacitor-splash-screen:mergeReleaseJniLibFolders
> Task :capacitor-splash-screen:mergeReleaseNativeLibs NO-SOURCE
> Task :capacitor-status-bar:preBuild UP-TO-DATE
> Task :capacitor-status-bar:preReleaseBuild UP-TO-DATE
> Task :capacitor-splash-screen:copyReleaseJniLibsProjectOnly
> Task :capacitor-status-bar:mergeReleaseJniLibFolders
> Task :capacitor-status-bar:mergeReleaseNativeLibs NO-SOURCE
> Task :capacitor-status-bar:copyReleaseJniLibsProjectOnly
> Task :capacitor-android:generateReleaseResValues
> Task :app:mergeReleaseNativeLibs NO-SOURCE
> Task :app:stripReleaseDebugSymbols NO-SOURCE
> Task :app:extractReleaseNativeSymbolTables NO-SOURCE
> Task :app:mergeReleaseNativeDebugMetadata NO-SOURCE
> Task :capacitor-android:generateReleaseResources
> Task :capacitor-android:packageReleaseResources
> Task :capacitor-android:processReleaseNavigationResources
> Task :capacitor-app:generateReleaseResValues
> Task :capacitor-android:javaPreCompileRelease
> Task :capacitor-app:generateReleaseResources
> Task :capacitor-app:packageReleaseResources
> Task :capacitor-app:processReleaseNavigationResources
> Task :capacitor-app:javaPreCompileRelease
> Task :capacitor-keyboard:generateReleaseResValues
> Task :capacitor-android:parseReleaseLocalResources
> Task :capacitor-app:parseReleaseLocalResources
> Task :capacitor-keyboard:generateReleaseResources
> Task :capacitor-android:generateReleaseRFile
> Task :capacitor-app:generateReleaseRFile
> Task :capacitor-keyboard:packageReleaseResources

> Task :capacitor-android:compileReleaseJavaWithJavac
Note: Some input files use unchecked or unsafe operations.
Note: Recompile with -Xlint:unchecked for details.

> Task :capacitor-keyboard:processReleaseNavigationResources
> Task :capacitor-local-notifications:checkKotlinGradlePluginConfigurationErrors SKIPPED
> Task :capacitor-keyboard:javaPreCompileRelease
> Task :capacitor-local-notifications:generateReleaseResValues
> Task :capacitor-keyboard:parseReleaseLocalResources
> Task :capacitor-local-notifications:generateReleaseResources
> Task :capacitor-android:bundleLibCompileToJarRelease
> Task :capacitor-keyboard:generateReleaseRFile
> Task :capacitor-app:compileReleaseJavaWithJavac
> Task :capacitor-app:bundleLibRuntimeToDirRelease
> Task :capacitor-keyboard:compileReleaseJavaWithJavac
> Task :capacitor-local-notifications:packageReleaseResources
> Task :capacitor-local-notifications:processReleaseNavigationResources
> Task :capacitor-keyboard:bundleLibRuntimeToDirRelease
> Task :capacitor-splash-screen:generateReleaseResValues
> Task :capacitor-local-notifications:javaPreCompileRelease
> Task :capacitor-local-notifications:parseReleaseLocalResources
> Task :capacitor-splash-screen:generateReleaseResources
> Task :capacitor-local-notifications:generateReleaseRFile
> Task :capacitor-splash-screen:packageReleaseResources
> Task :capacitor-splash-screen:processReleaseNavigationResources
> Task :capacitor-splash-screen:javaPreCompileRelease
> Task :capacitor-status-bar:generateReleaseResValues
> Task :capacitor-splash-screen:parseReleaseLocalResources
> Task :capacitor-status-bar:generateReleaseResources
> Task :capacitor-splash-screen:generateReleaseRFile
> Task :capacitor-status-bar:packageReleaseResources
> Task :capacitor-splash-screen:compileReleaseJavaWithJavac
> Task :capacitor-status-bar:processReleaseNavigationResources
> Task :capacitor-status-bar:javaPreCompileRelease
> Task :capacitor-status-bar:parseReleaseLocalResources
> Task :capacitor-cordova-android-plugins:generateReleaseResValues
> Task :capacitor-status-bar:generateReleaseRFile
> Task :capacitor-cordova-android-plugins:generateReleaseResources
> Task :capacitor-splash-screen:bundleLibRuntimeToDirRelease
> Task :capacitor-status-bar:compileReleaseJavaWithJavac
> Task :capacitor-status-bar:bundleLibRuntimeToDirRelease
> Task :capacitor-cordova-android-plugins:packageReleaseResources
> Task :capacitor-cordova-android-plugins:processReleaseNavigationResources
> Task :capacitor-cordova-android-plugins:javaPreCompileRelease
> Task :capacitor-cordova-android-plugins:parseReleaseLocalResources
> Task :capacitor-cordova-android-plugins:generateReleaseRFile
> Task :capacitor-cordova-android-plugins:compileReleaseJavaWithJavac NO-SOURCE
> Task :capacitor-cordova-android-plugins:bundleLibRuntimeToDirRelease
> Task :app:checkReleaseDuplicateClasses
> Task :app:javaPreCompileRelease
> Task :capacitor-android:writeReleaseAarMetadata
> Task :capacitor-app:writeReleaseAarMetadata
> Task :capacitor-cordova-android-plugins:writeReleaseAarMetadata
> Task :capacitor-keyboard:writeReleaseAarMetadata
> Task :capacitor-local-notifications:writeReleaseAarMetadata
> Task :capacitor-splash-screen:writeReleaseAarMetadata
> Task :capacitor-status-bar:writeReleaseAarMetadata
> Task :app:processReleaseNavigationResources
> Task :app:checkReleaseAarMetadata
> Task :app:generateReleaseResValues
> Task :app:compileReleaseNavigationResources
> Task :app:mapReleaseSourceSetPaths
> Task :app:generateReleaseResources
> Task :capacitor-android:bundleLibRuntimeToDirRelease
> Task :app:mergeReleaseResources
> Task :app:packageReleaseResources
> Task :app:createReleaseCompatibleScreenManifests
> Task :app:parseReleaseLocalResources
> Task :app:extractDeepLinksRelease
> Task :capacitor-android:extractDeepLinksRelease
> Task :capacitor-app:extractDeepLinksRelease
> Task :capacitor-android:processReleaseManifest
> Task :capacitor-cordova-android-plugins:extractDeepLinksRelease
> Task :capacitor-app:processReleaseManifest
> Task :capacitor-keyboard:extractDeepLinksRelease
> Task :capacitor-cordova-android-plugins:processReleaseManifest
> Task :capacitor-keyboard:processReleaseManifest
> Task :capacitor-local-notifications:extractDeepLinksRelease
> Task :capacitor-splash-screen:extractDeepLinksRelease
> Task :capacitor-local-notifications:processReleaseManifest
> Task :capacitor-status-bar:extractDeepLinksRelease
> Task :capacitor-splash-screen:processReleaseManifest
> Task :capacitor-android:compileReleaseLibraryResources
> Task :capacitor-status-bar:processReleaseManifest
> Task :capacitor-app:compileReleaseLibraryResources
> Task :app:processReleaseMainManifest
> Task :app:processReleaseManifest
> Task :capacitor-cordova-android-plugins:compileReleaseLibraryResources
> Task :capacitor-keyboard:compileReleaseLibraryResources
> Task :capacitor-splash-screen:compileReleaseLibraryResources
> Task :capacitor-local-notifications:compileReleaseLibraryResources
> Task :capacitor-status-bar:compileReleaseLibraryResources
> Task :capacitor-app:bundleLibCompileToJarRelease
> Task :capacitor-cordova-android-plugins:bundleLibCompileToJarRelease
> Task :capacitor-keyboard:bundleLibCompileToJarRelease
> Task :app:desugarReleaseFileDependencies
> Task :capacitor-splash-screen:bundleLibCompileToJarRelease
> Task :capacitor-status-bar:bundleLibCompileToJarRelease
> Task :app:mergeReleaseStartupProfile
> Task :capacitor-local-notifications:compileReleaseKotlin
> Task :app:processReleaseManifestForPackage
> Task :app:mergeExtDexRelease
> Task :capacitor-android:prepareReleaseArtProfile
> Task :capacitor-app:prepareReleaseArtProfile
> Task :capacitor-cordova-android-plugins:prepareReleaseArtProfile
> Task :capacitor-keyboard:prepareReleaseArtProfile
> Task :capacitor-local-notifications:prepareReleaseArtProfile
> Task :capacitor-splash-screen:prepareReleaseArtProfile
> Task :capacitor-status-bar:prepareReleaseArtProfile
> Task :app:mergeReleaseArtProfile
> Task :capacitor-app:bundleLibRuntimeToJarRelease
> Task :capacitor-keyboard:bundleLibRuntimeToJarRelease
> Task :capacitor-splash-screen:bundleLibRuntimeToJarRelease
> Task :capacitor-status-bar:bundleLibRuntimeToJarRelease
> Task :capacitor-android:bundleLibRuntimeToJarRelease
> Task :capacitor-cordova-android-plugins:bundleLibRuntimeToJarRelease
> Task :app:mergeReleaseShaders
> Task :app:compileReleaseShaders NO-SOURCE
> Task :app:generateReleaseAssets UP-TO-DATE
> Task :capacitor-android:mergeReleaseShaders
> Task :capacitor-android:compileReleaseShaders NO-SOURCE
> Task :capacitor-android:generateReleaseAssets UP-TO-DATE
> Task :capacitor-android:mergeReleaseAssets
> Task :capacitor-app:mergeReleaseShaders
> Task :capacitor-app:compileReleaseShaders NO-SOURCE
> Task :capacitor-app:generateReleaseAssets UP-TO-DATE
> Task :capacitor-app:mergeReleaseAssets
> Task :capacitor-cordova-android-plugins:mergeReleaseShaders
> Task :capacitor-cordova-android-plugins:compileReleaseShaders NO-SOURCE
> Task :capacitor-cordova-android-plugins:generateReleaseAssets UP-TO-DATE
> Task :capacitor-cordova-android-plugins:mergeReleaseAssets
> Task :capacitor-keyboard:mergeReleaseShaders
> Task :capacitor-keyboard:compileReleaseShaders NO-SOURCE
> Task :capacitor-keyboard:generateReleaseAssets UP-TO-DATE
> Task :capacitor-keyboard:mergeReleaseAssets
> Task :capacitor-local-notifications:mergeReleaseShaders
> Task :capacitor-local-notifications:compileReleaseShaders NO-SOURCE
> Task :capacitor-local-notifications:generateReleaseAssets UP-TO-DATE
> Task :capacitor-local-notifications:mergeReleaseAssets
> Task :capacitor-splash-screen:mergeReleaseShaders
> Task :capacitor-splash-screen:compileReleaseShaders NO-SOURCE
> Task :capacitor-splash-screen:generateReleaseAssets UP-TO-DATE
> Task :capacitor-splash-screen:mergeReleaseAssets
> Task :capacitor-status-bar:mergeReleaseShaders
> Task :capacitor-status-bar:compileReleaseShaders NO-SOURCE
> Task :capacitor-status-bar:generateReleaseAssets UP-TO-DATE
> Task :capacitor-status-bar:mergeReleaseAssets
> Task :app:mergeReleaseAssets
> Task :app:compressReleaseAssets
> Task :app:extractReleaseVersionControlInfo
> Task :app:extractProguardFiles
> Task :capacitor-android:processReleaseJavaRes NO-SOURCE
> Task :capacitor-android:createFullJarRelease
> Task :capacitor-android:extractProguardFiles
> Task :capacitor-android:generateReleaseLintModel
> Task :capacitor-app:processReleaseJavaRes NO-SOURCE
> Task :capacitor-android:prepareLintJarForPublish
> Task :capacitor-app:createFullJarRelease
> Task :capacitor-app:extractProguardFiles
> Task :app:processReleaseResources
> Task :capacitor-app:generateReleaseLintModel
> Task :capacitor-app:prepareLintJarForPublish
> Task :capacitor-cordova-android-plugins:processReleaseJavaRes NO-SOURCE
> Task :capacitor-cordova-android-plugins:createFullJarRelease
> Task :capacitor-cordova-android-plugins:extractProguardFiles
> Task :capacitor-cordova-android-plugins:generateReleaseLintModel
> Task :capacitor-cordova-android-plugins:prepareLintJarForPublish
> Task :capacitor-keyboard:processReleaseJavaRes NO-SOURCE
> Task :capacitor-keyboard:createFullJarRelease
> Task :capacitor-keyboard:extractProguardFiles
> Task :capacitor-keyboard:generateReleaseLintModel
> Task :capacitor-keyboard:prepareLintJarForPublish
> Task :capacitor-local-notifications:extractProguardFiles
> Task :capacitor-local-notifications:prepareLintJarForPublish
> Task :capacitor-splash-screen:processReleaseJavaRes NO-SOURCE
> Task :capacitor-splash-screen:createFullJarRelease
> Task :capacitor-splash-screen:extractProguardFiles
> Task :capacitor-splash-screen:generateReleaseLintModel
> Task :capacitor-splash-screen:prepareLintJarForPublish
> Task :capacitor-status-bar:processReleaseJavaRes NO-SOURCE
> Task :capacitor-status-bar:createFullJarRelease
> Task :capacitor-status-bar:extractProguardFiles
> Task :capacitor-status-bar:generateReleaseLintModel
> Task :capacitor-status-bar:prepareLintJarForPublish
> Task :capacitor-app:stripReleaseDebugSymbols NO-SOURCE
> Task :capacitor-app:checkReleaseAarMetadata
> Task :capacitor-app:copyReleaseJniLibsProjectAndLocalJars
> Task :capacitor-app:extractDeepLinksForAarRelease
> Task :capacitor-app:extractReleaseAnnotations
> Task :capacitor-app:mergeReleaseGeneratedProguardFiles
> Task :capacitor-app:mergeReleaseConsumerProguardFiles
> Task :capacitor-keyboard:stripReleaseDebugSymbols NO-SOURCE
> Task :capacitor-keyboard:checkReleaseAarMetadata
> Task :capacitor-keyboard:copyReleaseJniLibsProjectAndLocalJars
> Task :capacitor-keyboard:extractDeepLinksForAarRelease
> Task :capacitor-keyboard:extractReleaseAnnotations
> Task :capacitor-keyboard:mergeReleaseGeneratedProguardFiles
> Task :capacitor-keyboard:mergeReleaseConsumerProguardFiles
> Task :capacitor-local-notifications:stripReleaseDebugSymbols NO-SOURCE
> Task :capacitor-local-notifications:copyReleaseJniLibsProjectAndLocalJars
> Task :capacitor-local-notifications:checkReleaseAarMetadata
> Task :capacitor-keyboard:mergeReleaseJavaResource
> Task :capacitor-local-notifications:extractDeepLinksForAarRelease
> Task :capacitor-app:mergeReleaseJavaResource
> Task :capacitor-keyboard:syncReleaseLibJars
> Task :capacitor-app:syncReleaseLibJars
> Task :capacitor-app:bundleReleaseLocalLintAar
> Task :capacitor-keyboard:bundleReleaseLocalLintAar
> Task :capacitor-splash-screen:stripReleaseDebugSymbols NO-SOURCE
> Task :capacitor-splash-screen:checkReleaseAarMetadata
> Task :capacitor-splash-screen:copyReleaseJniLibsProjectAndLocalJars
> Task :capacitor-splash-screen:extractDeepLinksForAarRelease
> Task :capacitor-splash-screen:extractReleaseAnnotations
> Task :capacitor-splash-screen:mergeReleaseGeneratedProguardFiles
> Task :capacitor-splash-screen:mergeReleaseConsumerProguardFiles
> Task :capacitor-splash-screen:mergeReleaseJavaResource
> Task :capacitor-status-bar:checkReleaseAarMetadata
> Task :capacitor-splash-screen:syncReleaseLibJars
> Task :capacitor-splash-screen:bundleReleaseLocalLintAar
> Task :capacitor-status-bar:stripReleaseDebugSymbols NO-SOURCE
> Task :capacitor-status-bar:copyReleaseJniLibsProjectAndLocalJars
> Task :capacitor-status-bar:extractDeepLinksForAarRelease
> Task :capacitor-status-bar:extractReleaseAnnotations
> Task :capacitor-status-bar:mergeReleaseGeneratedProguardFiles
> Task :capacitor-status-bar:mergeReleaseConsumerProguardFiles
> Task :capacitor-status-bar:mergeReleaseJavaResource
> Task :capacitor-android:checkReleaseAarMetadata
> Task :capacitor-status-bar:syncReleaseLibJars
> Task :capacitor-status-bar:bundleReleaseLocalLintAar
> Task :capacitor-android:stripReleaseDebugSymbols NO-SOURCE
> Task :capacitor-android:copyReleaseJniLibsProjectAndLocalJars
> Task :capacitor-android:extractDeepLinksForAarRelease
> Task :capacitor-android:extractReleaseAnnotations
> Task :capacitor-android:mergeReleaseGeneratedProguardFiles
> Task :capacitor-android:mergeReleaseConsumerProguardFiles
> Task :capacitor-android:mergeReleaseJavaResource
> Task :capacitor-cordova-android-plugins:checkReleaseAarMetadata
> Task :capacitor-android:syncReleaseLibJars
> Task :capacitor-android:bundleReleaseLocalLintAar
> Task :capacitor-cordova-android-plugins:stripReleaseDebugSymbols NO-SOURCE
> Task :capacitor-cordova-android-plugins:copyReleaseJniLibsProjectAndLocalJars
> Task :capacitor-cordova-android-plugins:extractDeepLinksForAarRelease
> Task :capacitor-cordova-android-plugins:extractReleaseAnnotations
> Task :capacitor-cordova-android-plugins:mergeReleaseGeneratedProguardFiles
> Task :capacitor-cordova-android-plugins:mergeReleaseConsumerProguardFiles
> Task :capacitor-cordova-android-plugins:mergeReleaseJavaResource
> Task :capacitor-cordova-android-plugins:syncReleaseLibJars
> Task :capacitor-cordova-android-plugins:bundleReleaseLocalLintAar
> Task :capacitor-android:writeReleaseLintModelMetadata
> Task :capacitor-app:writeReleaseLintModelMetadata
> Task :capacitor-cordova-android-plugins:writeReleaseLintModelMetadata
> Task :capacitor-keyboard:writeReleaseLintModelMetadata
> Task :capacitor-local-notifications:writeReleaseLintModelMetadata
> Task :capacitor-splash-screen:writeReleaseLintModelMetadata
> Task :capacitor-status-bar:writeReleaseLintModelMetadata
> Task :capacitor-android:generateReleaseLintVitalModel
> Task :capacitor-app:generateReleaseLintVitalModel
> Task :capacitor-cordova-android-plugins:generateReleaseLintVitalModel
> Task :capacitor-keyboard:generateReleaseLintVitalModel
> Task :capacitor-splash-screen:generateReleaseLintVitalModel
> Task :capacitor-status-bar:generateReleaseLintVitalModel
> Task :app:processReleaseJavaRes NO-SOURCE
> Task :app:collectReleaseDependencies
> Task :app:sdkReleaseDependencyData
> Task :app:validateSigningRelease
> Task :app:writeReleaseAppMetadata
> Task :app:writeReleaseSigningConfigVersions
> Task :app:processApplicationManifestReleaseForBundle
> Task :app:configureReleaseDependencies
> Task :app:parseReleaseIntegrityConfig
> Task :app:optimizeReleaseResources
> Task :capacitor-local-notifications:compileReleaseJavaWithJavac NO-SOURCE
> Task :capacitor-local-notifications:bundleLibRuntimeToJarRelease
> Task :capacitor-local-notifications:bundleLibCompileToJarRelease
> Task :capacitor-local-notifications:processReleaseJavaRes
> Task :capacitor-local-notifications:bundleLibRuntimeToDirRelease
> Task :app:compileReleaseJavaWithJavac
> Task :app:dexBuilderRelease
> Task :app:mergeReleaseGlobalSynthetics
> Task :capacitor-local-notifications:createFullJarRelease
> Task :capacitor-local-notifications:generateReleaseLintModel
> Task :app:generateReleaseLintVitalReportModel
> Task :capacitor-local-notifications:extractReleaseAnnotations
> Task :capacitor-local-notifications:mergeReleaseGeneratedProguardFiles
> Task :capacitor-local-notifications:mergeReleaseConsumerProguardFiles
> Task :capacitor-local-notifications:mergeReleaseJavaResource
> Task :capacitor-local-notifications:generateReleaseLintVitalModel
> Task :capacitor-local-notifications:syncReleaseLibJars
> Task :capacitor-local-notifications:bundleReleaseLocalLintAar
> Task :capacitor-android:lintVitalAnalyzeRelease
> Task :capacitor-app:lintVitalAnalyzeRelease
> Task :app:mergeDexRelease
> Task :app:bundleReleaseResources
> Task :app:compileReleaseArtProfile
> Task :app:mergeReleaseJavaResource
> Task :app:buildReleasePreBundle
> Task :capacitor-cordova-android-plugins:lintVitalAnalyzeRelease
> Task :capacitor-keyboard:lintVitalAnalyzeRelease
> Task :capacitor-splash-screen:lintVitalAnalyzeRelease
> Task :capacitor-status-bar:lintVitalAnalyzeRelease
> Task :capacitor-local-notifications:lintVitalAnalyzeRelease
> Task :app:lintVitalAnalyzeRelease
> Task :app:lintVitalReportRelease
> Task :app:lintVitalRelease
> Task :app:packageReleaseBundle
> Task :app:packageRelease
> Task :app:createReleaseApkListingFileRedirect
> Task :app:assembleRelease
> Task :app:signReleaseBundle
> Task :app:produceReleaseBundleIdeListingFile
> Task :app:createReleaseBundleListingFileRedirect
> Task :app:bundleRelease

[Incubating] Problems report is available at: file:///C:/Users/USER/Downloads/ChamaOne/android/build/reports/problems/problems-report.html

Deprecated Gradle features were used in this build, making it incompatible with Gradle 9.0.

You can use '--warning-mode all' to show the individual deprecation warnings and determine if they come from your own scripts or plugins.

For more on this, please refer to https://docs.gradle.org/8.14.3/userguide/command_line_interface.html#sec:command_line_warnings in the Gradle documentation.

BUILD SUCCESSFUL in 5m 5s
306 actionable tasks: 306 executed
